Info: *******************************************************************
Info: Running Quartus Prime SignalTap II
    Info: Version 17.0.2 Build 602 07/19/2017 SJ Lite Edition
    Info: Copyright (C) 2017  Intel Corporation. All rights reserved.
    Info: Your use of Intel Corporation's design tools, logic functions 
    Info: and other software and tools, and its AMPP partner logic 
    Info: functions, and any output files from any of the foregoing 
    Info: (including device programming or simulation files), and any 
    Info: associated documentation or information are expressly subject 
    Info: to the terms and conditions of the Intel Program License 
    Info: Subscription Agreement, the Intel Quartus Prime License Agreement,
    Info: the Intel MegaCore Function License Agreement, or other 
    Info: applicable license agreement, including, without limitation, 
    Info: that your use is for the sole purpose of programming logic 
    Info: devices manufactured by Intel and sold by Intel or its 
    Info: authorized distributors.  Please refer to the applicable 
    Info: agreement for further details.
    Info: Processing started: Wed Jul  1 05:32:29 2026
Info: Command: quartus_stp -t /build/tools/signaltap_573/capture_headless.tcl -stp /work/run.stp -csv /work/write_wedge_20260630_223227.csv -timeout 100 -signal_set ss_write_wedge -trigger trig_write_wedge -dev *5CSEBA6*
Info: Quartus(args): -stp /work/run.stp -csv /work/write_wedge_20260630_223227.csv -timeout 100 -signal_set ss_write_wedge -trigger trig_write_wedge -dev *5CSEBA6*
CAPTURE: hardware='DE-SoC [1-3]' device='@2: 5CSEBA6(.|ES)/5CSEMA6/.. (0x02D020DD)'
CAPTURE: stp=/work/run.stp trigger=trig_write_wedge timeout=100s
Info (16704): SignalTap II data acquisition is in IDLE state: 
Info (16704): SignalTap II data acquisition is in FILL state: 
Info (16704): SignalTap II data acquisition is in PRE state:  (0 triggers seen)
Info (16704): SignalTap II data acquisition is in DONE state: 
CAPTURE-RESULT: TRIGGERED -- exporting CSV
CAPTURE-OK: /work/write_wedge_20260630_223227.csv
